../Core/Src/main.c:78:13:ADC_Select_CH	32	static
../Core/Src/main.c:202:5:main	56	static
../Core/Src/main.c:466:6:SystemClock_Config	88	static
../Core/Src/main.c:505:13:MX_ADC1_Init	24	static
../Core/Src/main.c:554:13:MX_TIM3_Init	64	static
../Core/Src/main.c:614:13:MX_USART1_UART_Init	8	static
../Core/Src/main.c:645:13:MX_USART2_UART_Init	8	static
../Core/Src/main.c:676:13:MX_USART6_UART_Init	8	static
../Core/Src/main.c:707:13:MX_GPIO_Init	48	static
../Core/Src/main.c:748:6:HAL_UART_RxCpltCallback	16	static
../Core/Src/main.c:760:6:Error_Handler	4	static,ignoring_inline_asm
